2025-11-07 18:28:08,267 [INFO] Iniciando scraping de https://www.perfumarte.com/tienda/perfumes/perfume-de-hombre/amaderados/
2025-11-07 18:28:09,565 [INFO] Producto 1: Madera y bayas (DGK) | 12.0 € | https://www.perfumarte.com/tienda/perfume-de-hombre/madera-y-bayas-dgk.html | https://www.perfumarte.com/tienda/6270-home_default/madera-y-bayas-dgk.jpg
2025-11-07 18:28:09,565 [INFO] Producto 2: Madera y Toscana (TFC) | 12.0 € | https://www.perfumarte.com/tienda/perfume-de-hombre/madera-y-toscana-tfc.html | https://www.perfumarte.com/tienda/6296-home_default/madera-y-toscana-tfc.jpg
2025-11-07 18:28:09,565 [INFO] Producto 3: Madera Tonka (YLH) | 12.0 € | https://www.perfumarte.com/tienda/perfume-de-hombre/madera-tonka-ylh.html | https://www.perfumarte.com/tienda/6364-home_default/madera-tonka-ylh.jpg
2025-11-07 18:28:09,565 [INFO] Producto 4: Madera de Abedul (HBN) | 12.0 € | https://www.perfumarte.com/tienda/perfume-de-hombre/madera-de-abedul-hbn.html | https://www.perfumarte.com/tienda/6254-home_default/madera-de-abedul-hbn.jpg
2025-11-07 18:28:09,566 [INFO] Producto 5: Madera Ambarada (CHP) | 12.0 € | https://www.perfumarte.com/tienda/amaderados/madera-ambarada-chp.html | https://www.perfumarte.com/tienda/6230-home_default/madera-ambarada-chp.jpg
2025-11-07 18:28:09,566 [INFO] Producto 6: Maderas Blancas (PCO) | 12.0 € | https://www.perfumarte.com/tienda/amaderados/maderas-blancas-pco.html | https://www.perfumarte.com/tienda/6283-home_default/maderas-blancas-pco.jpg
2025-11-07 18:28:09,566 [INFO] Producto 7: Madera y Clavo (HBB) | 12.0 € | https://www.perfumarte.com/tienda/perfume-de-hombre/madera-y-clavo-hbb.html | https://www.perfumarte.com/tienda/6276-home_default/madera-y-clavo-hbb.jpg
2025-11-07 18:28:09,566 [INFO] Producto 8: Madera y Clavel (DFA) | 12.0 € | https://www.perfumarte.com/tienda/perfume-de-hombre/madera-y-clavel-dfa.html | https://www.perfumarte.com/tienda/6252-home_default/madera-y-clavel-dfa.jpg
2025-11-07 18:28:09,567 [INFO] Producto 9: Madera de Roble (CXE) | 12.0 € | https://www.perfumarte.com/tienda/amaderados/madera-de-roble-cxe.html | https://www.perfumarte.com/tienda/6225-home_default/madera-de-roble-cxe.jpg
2025-11-07 18:28:09,567 [INFO] Producto 10: Madera de Oud (TFO) | 12.0 € | https://www.perfumarte.com/tienda/amaderados/madera-de-oud-tfo.html | https://www.perfumarte.com/tienda/6300-home_default/madera-de-oud-tfo.jpg
2025-11-07 18:28:09,567 [INFO] Producto 11: Madera de Ámbar (PCI) | 12.0 € | https://www.perfumarte.com/tienda/amaderados/madera-de-ambar-pci.html | https://www.perfumarte.com/tienda/6306-home_default/madera-de-ambar-pci.jpg
2025-11-07 18:28:09,568 [INFO] Archivo CSV creado correctamente: Resultados/2025-11-07-[perfumarte|Adrián_Pons].csv
2025-11-07 18:28:09,568 [INFO] Adjuntado CSV: Resultados/2025-11-07-[perfumarte|Adrián_Pons].csv
2025-11-07 18:28:09,568 [INFO] Adjuntado LOG: Logs/scrapper.log
2025-11-07 18:28:11,094 [INFO] ✅ Email enviado correctamente con adjuntos.
2025-11-07 18:31:07,867 [INFO] Iniciando scraping de https://www.perfumarte.com/tienda/perfumes/perfume-de-hombre/amaderados/
2025-11-07 18:31:09,675 [INFO] Producto 1: Madera y bayas (DGK) | 12.0 € | https://www.perfumarte.com/tienda/perfume-de-hombre/madera-y-bayas-dgk.html | https://www.perfumarte.com/tienda/6270-home_default/madera-y-bayas-dgk.jpg
2025-11-07 18:31:09,675 [INFO] Producto 2: Madera y Toscana (TFC) | 12.0 € | https://www.perfumarte.com/tienda/perfume-de-hombre/madera-y-toscana-tfc.html | https://www.perfumarte.com/tienda/6296-home_default/madera-y-toscana-tfc.jpg
2025-11-07 18:31:09,676 [INFO] Producto 3: Madera Tonka (YLH) | 12.0 € | https://www.perfumarte.com/tienda/perfume-de-hombre/madera-tonka-ylh.html | https://www.perfumarte.com/tienda/6364-home_default/madera-tonka-ylh.jpg
2025-11-07 18:31:09,676 [INFO] Producto 4: Madera de Abedul (HBN) | 12.0 € | https://www.perfumarte.com/tienda/perfume-de-hombre/madera-de-abedul-hbn.html | https://www.perfumarte.com/tienda/6254-home_default/madera-de-abedul-hbn.jpg
2025-11-07 18:31:09,676 [INFO] Producto 5: Madera Ambarada (CHP) | 12.0 € | https://www.perfumarte.com/tienda/amaderados/madera-ambarada-chp.html | https://www.perfumarte.com/tienda/6230-home_default/madera-ambarada-chp.jpg
2025-11-07 18:31:09,677 [INFO] Producto 6: Maderas Blancas (PCO) | 12.0 € | https://www.perfumarte.com/tienda/amaderados/maderas-blancas-pco.html | https://www.perfumarte.com/tienda/6283-home_default/maderas-blancas-pco.jpg
2025-11-07 18:31:09,677 [INFO] Producto 7: Madera y Clavo (HBB) | 12.0 € | https://www.perfumarte.com/tienda/perfume-de-hombre/madera-y-clavo-hbb.html | https://www.perfumarte.com/tienda/6276-home_default/madera-y-clavo-hbb.jpg
2025-11-07 18:31:09,677 [INFO] Producto 8: Madera y Clavel (DFA) | 12.0 € | https://www.perfumarte.com/tienda/perfume-de-hombre/madera-y-clavel-dfa.html | https://www.perfumarte.com/tienda/6252-home_default/madera-y-clavel-dfa.jpg
2025-11-07 18:31:09,677 [INFO] Producto 9: Madera de Roble (CXE) | 12.0 € | https://www.perfumarte.com/tienda/amaderados/madera-de-roble-cxe.html | https://www.perfumarte.com/tienda/6225-home_default/madera-de-roble-cxe.jpg
2025-11-07 18:31:09,678 [INFO] Producto 10: Madera de Oud (TFO) | 12.0 € | https://www.perfumarte.com/tienda/amaderados/madera-de-oud-tfo.html | https://www.perfumarte.com/tienda/6300-home_default/madera-de-oud-tfo.jpg
2025-11-07 18:31:09,678 [INFO] Producto 11: Madera de Ámbar (PCI) | 12.0 € | https://www.perfumarte.com/tienda/amaderados/madera-de-ambar-pci.html | https://www.perfumarte.com/tienda/6306-home_default/madera-de-ambar-pci.jpg
2025-11-07 18:31:09,678 [INFO] Archivo CSV creado correctamente: Resultados/2025-11-07-[perfumarte|Adrián_Pons].csv
2025-11-07 18:31:09,679 [INFO] ✅ Adjuntado CSV: 2025-11-07-[perfumarte|Adrián_Pons].csv
2025-11-07 18:31:09,679 [INFO] ✅ Adjuntado LOG: scrapper.log
2025-11-07 18:31:11,119 [INFO] 📤 Email enviado correctamente con adjuntos.
2025-11-07 18:35:37,258 [INFO] 🔍 Iniciando scraping de categoría: Hombre
2025-11-07 18:35:37,258 [INFO] 📄 Analizando página 1 → https://www.perfumarte.com/tienda/perfumes/perfume-de-hombre/amaderados/?p=1
2025-11-07 18:35:39,039 [INFO] 📄 Analizando página 2 → https://www.perfumarte.com/tienda/perfumes/perfume-de-hombre/amaderados/?p=2
2025-11-07 18:35:40,346 [INFO] 📄 Analizando página 3 → https://www.perfumarte.com/tienda/perfumes/perfume-de-hombre/amaderados/?p=3
2025-11-07 18:35:41,922 [INFO] 📄 Analizando página 4 → https://www.perfumarte.com/tienda/perfumes/perfume-de-hombre/amaderados/?p=4
2025-11-07 18:35:43,409 [INFO] 📄 Analizando página 5 → https://www.perfumarte.com/tienda/perfumes/perfume-de-hombre/amaderados/?p=5
2025-11-07 18:35:44,654 [INFO] 📄 Analizando página 6 → https://www.perfumarte.com/tienda/perfumes/perfume-de-hombre/amaderados/?p=6
2025-11-07 18:35:46,321 [INFO] 📄 Analizando página 7 → https://www.perfumarte.com/tienda/perfumes/perfume-de-hombre/amaderados/?p=7
2025-11-07 18:35:47,880 [INFO] 📄 Analizando página 8 → https://www.perfumarte.com/tienda/perfumes/perfume-de-hombre/amaderados/?p=8
2025-11-07 18:35:49,345 [INFO] 📄 Analizando página 9 → https://www.perfumarte.com/tienda/perfumes/perfume-de-hombre/amaderados/?p=9
2025-11-07 18:35:50,803 [INFO] 📄 Analizando página 10 → https://www.perfumarte.com/tienda/perfumes/perfume-de-hombre/amaderados/?p=10
2025-11-07 18:35:52,279 [INFO] 📄 Analizando página 11 → https://www.perfumarte.com/tienda/perfumes/perfume-de-hombre/amaderados/?p=11
2025-11-07 18:35:53,458 [INFO] 📄 Analizando página 12 → https://www.perfumarte.com/tienda/perfumes/perfume-de-hombre/amaderados/?p=12
2025-11-07 18:35:54,581 [INFO] 📄 Analizando página 13 → https://www.perfumarte.com/tienda/perfumes/perfume-de-hombre/amaderados/?p=13
2025-11-07 18:35:56,260 [INFO] 📄 Analizando página 14 → https://www.perfumarte.com/tienda/perfumes/perfume-de-hombre/amaderados/?p=14
2025-11-07 18:35:57,595 [INFO] 📄 Analizando página 15 → https://www.perfumarte.com/tienda/perfumes/perfume-de-hombre/amaderados/?p=15
2025-11-07 18:35:59,129 [INFO] 📄 Analizando página 16 → https://www.perfumarte.com/tienda/perfumes/perfume-de-hombre/amaderados/?p=16
2025-11-07 18:36:00,985 [INFO] 📄 Analizando página 17 → https://www.perfumarte.com/tienda/perfumes/perfume-de-hombre/amaderados/?p=17
2025-11-07 18:36:02,657 [INFO] 📄 Analizando página 18 → https://www.perfumarte.com/tienda/perfumes/perfume-de-hombre/amaderados/?p=18
2025-11-07 18:36:04,258 [INFO] 📄 Analizando página 19 → https://www.perfumarte.com/tienda/perfumes/perfume-de-hombre/amaderados/?p=19
2025-11-07 18:36:05,803 [INFO] 📄 Analizando página 20 → https://www.perfumarte.com/tienda/perfumes/perfume-de-hombre/amaderados/?p=20
2025-11-07 18:36:07,381 [INFO] 📄 Analizando página 21 → https://www.perfumarte.com/tienda/perfumes/perfume-de-hombre/amaderados/?p=21
2025-11-07 18:36:08,681 [INFO] 📄 Analizando página 22 → https://www.perfumarte.com/tienda/perfumes/perfume-de-hombre/amaderados/?p=22
2025-11-07 18:36:10,599 [INFO] 📄 Analizando página 23 → https://www.perfumarte.com/tienda/perfumes/perfume-de-hombre/amaderados/?p=23
2025-11-07 18:36:12,576 [INFO] 📄 Analizando página 24 → https://www.perfumarte.com/tienda/perfumes/perfume-de-hombre/amaderados/?p=24
2025-11-07 18:36:14,004 [INFO] 📄 Analizando página 25 → https://www.perfumarte.com/tienda/perfumes/perfume-de-hombre/amaderados/?p=25
2025-11-07 18:36:15,330 [INFO] 📄 Analizando página 26 → https://www.perfumarte.com/tienda/perfumes/perfume-de-hombre/amaderados/?p=26
2025-11-07 18:36:16,617 [INFO] 📄 Analizando página 27 → https://www.perfumarte.com/tienda/perfumes/perfume-de-hombre/amaderados/?p=27
2025-11-07 18:36:17,936 [INFO] 📄 Analizando página 28 → https://www.perfumarte.com/tienda/perfumes/perfume-de-hombre/amaderados/?p=28
2025-11-07 18:37:58,866 [INFO] Iniciando scraping de https://www.perfumarte.com/tienda/perfumes/perfume-de-hombre/amaderados/
2025-11-07 18:38:00,614 [INFO] Producto 1: Madera y bayas (DGK) | 12.0 € | https://www.perfumarte.com/tienda/perfume-de-hombre/madera-y-bayas-dgk.html | https://www.perfumarte.com/tienda/6270-home_default/madera-y-bayas-dgk.jpg
2025-11-07 18:38:00,614 [INFO] Producto 2: Madera y Toscana (TFC) | 12.0 € | https://www.perfumarte.com/tienda/perfume-de-hombre/madera-y-toscana-tfc.html | https://www.perfumarte.com/tienda/6296-home_default/madera-y-toscana-tfc.jpg
2025-11-07 18:38:00,614 [INFO] Producto 3: Madera Tonka (YLH) | 12.0 € | https://www.perfumarte.com/tienda/perfume-de-hombre/madera-tonka-ylh.html | https://www.perfumarte.com/tienda/6364-home_default/madera-tonka-ylh.jpg
2025-11-07 18:38:00,615 [INFO] Producto 4: Madera de Abedul (HBN) | 12.0 € | https://www.perfumarte.com/tienda/perfume-de-hombre/madera-de-abedul-hbn.html | https://www.perfumarte.com/tienda/6254-home_default/madera-de-abedul-hbn.jpg
2025-11-07 18:38:00,615 [INFO] Producto 5: Madera Ambarada (CHP) | 12.0 € | https://www.perfumarte.com/tienda/amaderados/madera-ambarada-chp.html | https://www.perfumarte.com/tienda/6230-home_default/madera-ambarada-chp.jpg
2025-11-07 18:38:00,615 [INFO] Producto 6: Maderas Blancas (PCO) | 12.0 € | https://www.perfumarte.com/tienda/amaderados/maderas-blancas-pco.html | https://www.perfumarte.com/tienda/6283-home_default/maderas-blancas-pco.jpg
2025-11-07 18:38:00,615 [INFO] Producto 7: Madera y Clavo (HBB) | 12.0 € | https://www.perfumarte.com/tienda/perfume-de-hombre/madera-y-clavo-hbb.html | https://www.perfumarte.com/tienda/6276-home_default/madera-y-clavo-hbb.jpg
2025-11-07 18:38:00,616 [INFO] Producto 8: Madera y Clavel (DFA) | 12.0 € | https://www.perfumarte.com/tienda/perfume-de-hombre/madera-y-clavel-dfa.html | https://www.perfumarte.com/tienda/6252-home_default/madera-y-clavel-dfa.jpg
2025-11-07 18:38:00,616 [INFO] Producto 9: Madera de Roble (CXE) | 12.0 € | https://www.perfumarte.com/tienda/amaderados/madera-de-roble-cxe.html | https://www.perfumarte.com/tienda/6225-home_default/madera-de-roble-cxe.jpg
2025-11-07 18:38:00,616 [INFO] Producto 10: Madera de Oud (TFO) | 12.0 € | https://www.perfumarte.com/tienda/amaderados/madera-de-oud-tfo.html | https://www.perfumarte.com/tienda/6300-home_default/madera-de-oud-tfo.jpg
2025-11-07 18:38:00,616 [INFO] Producto 11: Madera de Ámbar (PCI) | 12.0 € | https://www.perfumarte.com/tienda/amaderados/madera-de-ambar-pci.html | https://www.perfumarte.com/tienda/6306-home_default/madera-de-ambar-pci.jpg
2025-11-07 18:38:00,617 [INFO] Archivo CSV creado correctamente: Resultados/2025-11-07-[perfumarte|Adrián_Pons].csv
2025-11-07 18:38:00,617 [INFO] ✅ Adjuntado CSV: 2025-11-07-[perfumarte|Adrián_Pons].csv
2025-11-07 18:38:00,617 [INFO] ✅ Adjuntado LOG: scrapper.log
2025-11-07 18:38:02,680 [INFO] 📤 Email enviado correctamente con adjuntos.
2025-11-07 18:39:46,024 [INFO] 🔹 Hombre (amaderados) — 1 página
2025-11-07 18:39:47,930 [INFO] 🔹 Mujer — paginación
2025-11-07 18:39:47,930 [INFO]    • Página 1: https://www.perfumarte.com/tienda/perfumes/perfume-de-mujer/
2025-11-07 18:39:50,312 [INFO]    • Página 2: https://www.perfumarte.com/tienda/perfumes/perfume-de-mujer/?p=2
2025-11-07 18:39:53,001 [INFO]    • Página 3: https://www.perfumarte.com/tienda/perfumes/perfume-de-mujer/?p=3
2025-11-07 18:39:55,265 [INFO]    • Página 4: https://www.perfumarte.com/tienda/perfumes/perfume-de-mujer/?p=4
2025-11-07 18:39:57,604 [INFO]    • Página 5: https://www.perfumarte.com/tienda/perfumes/perfume-de-mujer/?p=5
2025-11-07 18:39:59,392 [INFO]    • Página 6: https://www.perfumarte.com/tienda/perfumes/perfume-de-mujer/?p=6
2025-11-07 18:40:01,069 [INFO]    • Página 7: https://www.perfumarte.com/tienda/perfumes/perfume-de-mujer/?p=7
2025-11-07 18:40:03,263 [INFO]    • Página 8: https://www.perfumarte.com/tienda/perfumes/perfume-de-mujer/?p=8
2025-11-07 18:40:05,712 [INFO]    • Página 9: https://www.perfumarte.com/tienda/perfumes/perfume-de-mujer/?p=9
2025-11-07 18:40:07,303 [INFO]    • Página 10: https://www.perfumarte.com/tienda/perfumes/perfume-de-mujer/?p=10
2025-11-07 18:40:09,398 [INFO]    • Página 11: https://www.perfumarte.com/tienda/perfumes/perfume-de-mujer/?p=11
2025-11-07 18:40:11,026 [INFO]    • Página 12: https://www.perfumarte.com/tienda/perfumes/perfume-de-mujer/?p=12
2025-11-07 18:40:12,679 [INFO]    • Página 13: https://www.perfumarte.com/tienda/perfumes/perfume-de-mujer/?p=13
2025-11-07 18:40:23,791 [INFO] Iniciando scraping de https://www.perfumarte.com/tienda/perfumes/perfume-de-hombre/amaderados/
2025-11-07 18:40:25,434 [INFO] Producto 1: Madera y bayas (DGK) | 12.0 € | https://www.perfumarte.com/tienda/perfume-de-hombre/madera-y-bayas-dgk.html | https://www.perfumarte.com/tienda/6270-home_default/madera-y-bayas-dgk.jpg
2025-11-07 18:40:25,434 [INFO] Producto 2: Madera y Toscana (TFC) | 12.0 € | https://www.perfumarte.com/tienda/perfume-de-hombre/madera-y-toscana-tfc.html | https://www.perfumarte.com/tienda/6296-home_default/madera-y-toscana-tfc.jpg
2025-11-07 18:40:25,435 [INFO] Producto 3: Madera Tonka (YLH) | 12.0 € | https://www.perfumarte.com/tienda/perfume-de-hombre/madera-tonka-ylh.html | https://www.perfumarte.com/tienda/6364-home_default/madera-tonka-ylh.jpg
2025-11-07 18:40:25,435 [INFO] Producto 4: Madera de Abedul (HBN) | 12.0 € | https://www.perfumarte.com/tienda/perfume-de-hombre/madera-de-abedul-hbn.html | https://www.perfumarte.com/tienda/6254-home_default/madera-de-abedul-hbn.jpg
2025-11-07 18:40:25,435 [INFO] Producto 5: Madera Ambarada (CHP) | 12.0 € | https://www.perfumarte.com/tienda/amaderados/madera-ambarada-chp.html | https://www.perfumarte.com/tienda/6230-home_default/madera-ambarada-chp.jpg
2025-11-07 18:40:25,435 [INFO] Producto 6: Maderas Blancas (PCO) | 12.0 € | https://www.perfumarte.com/tienda/amaderados/maderas-blancas-pco.html | https://www.perfumarte.com/tienda/6283-home_default/maderas-blancas-pco.jpg
2025-11-07 18:40:25,436 [INFO] Producto 7: Madera y Clavo (HBB) | 12.0 € | https://www.perfumarte.com/tienda/perfume-de-hombre/madera-y-clavo-hbb.html | https://www.perfumarte.com/tienda/6276-home_default/madera-y-clavo-hbb.jpg
2025-11-07 18:40:25,436 [INFO] Producto 8: Madera y Clavel (DFA) | 12.0 € | https://www.perfumarte.com/tienda/perfume-de-hombre/madera-y-clavel-dfa.html | https://www.perfumarte.com/tienda/6252-home_default/madera-y-clavel-dfa.jpg
2025-11-07 18:40:25,436 [INFO] Producto 9: Madera de Roble (CXE) | 12.0 € | https://www.perfumarte.com/tienda/amaderados/madera-de-roble-cxe.html | https://www.perfumarte.com/tienda/6225-home_default/madera-de-roble-cxe.jpg
2025-11-07 18:40:25,436 [INFO] Producto 10: Madera de Oud (TFO) | 12.0 € | https://www.perfumarte.com/tienda/amaderados/madera-de-oud-tfo.html | https://www.perfumarte.com/tienda/6300-home_default/madera-de-oud-tfo.jpg
2025-11-07 18:40:25,437 [INFO] Producto 11: Madera de Ámbar (PCI) | 12.0 € | https://www.perfumarte.com/tienda/amaderados/madera-de-ambar-pci.html | https://www.perfumarte.com/tienda/6306-home_default/madera-de-ambar-pci.jpg
2025-11-07 18:40:25,437 [INFO] Archivo CSV creado correctamente: Resultados/2025-11-07-[perfumarte|Adrián_Pons].csv
2025-11-07 18:40:25,437 [INFO] ✅ Adjuntado CSV: 2025-11-07-[perfumarte|Adrián_Pons].csv
2025-11-07 18:40:25,438 [INFO] ✅ Adjuntado LOG: scrapper.log
2025-11-07 18:40:27,113 [INFO] 📤 Email enviado correctamente con adjuntos.
2025-11-07 18:47:43,957 [INFO] 🔹 Scrapeando perfumes de Hombre (una sola página)...
2025-11-07 18:47:45,317 [INFO] 🧁 Iniciando Selenium para categoría Mujer...
2025-11-07 18:47:55,548 [INFO] ✅ No hay más productos que cargar.
2025-11-07 18:47:55,745 [INFO] ✅ CSV creado en Resultados/2025-11-07-[perfumarte|Adrián_Pons].csv
2025-11-07 18:47:55,745 [INFO] Adjuntado: 2025-11-07-[perfumarte|Adrián_Pons].csv
2025-11-07 18:47:55,746 [INFO] Adjuntado: scrapper.log
2025-11-07 18:47:56,395 [ERROR] No se pudo enviar el correo: (535, b'5.7.8 Username and Password not accepted. For more information, go to\n5.7.8  https://support.google.com/mail/?p=BadCredentials 5b1f17b1804b1-4775ce329afsm172373245e9.16 - gsmtp')
2025-11-07 18:49:09,248 [INFO] 🔹 Scrapeando perfumes de Hombre (una sola página)...
2025-11-07 18:49:10,668 [INFO] 🧁 Iniciando Selenium para categoría Mujer...
2025-11-07 18:49:16,659 [INFO] ✅ No hay más productos que cargar.
2025-11-07 18:49:16,872 [INFO] ✅ CSV creado en Resultados/2025-11-07-[perfumarte|Adrián_Pons].csv
2025-11-07 18:49:16,872 [INFO] Adjuntado: 2025-11-07-[perfumarte|Adrián_Pons].csv
2025-11-07 18:49:16,872 [INFO] Adjuntado: scrapper.log
2025-11-07 18:49:18,449 [INFO] 📤 Email enviado correctamente.
2025-11-07 18:55:31,327 [INFO] Scrapeando perfumes de Hombre...
2025-11-07 18:55:32,545 [INFO] Iniciando Selenium para categoría Mujer...
2025-11-07 18:55:48,765 [INFO] No hay más productos que cargar.
2025-11-07 18:55:48,937 [INFO] CSV creado: Resultados/2025-11-07-[perfumarte|Adrián_Pons].csv
2025-11-07 18:55:48,937 [INFO] Adjuntado: 2025-11-07-[perfumarte|Adrián_Pons].csv
2025-11-07 18:55:48,938 [INFO] Adjuntado: scrapper.log
2025-11-07 18:55:50,541 [INFO] Correo enviado correctamente.
2025-11-07 19:01:31,509 [INFO] CSV creado: Resultados/2025-11-07-[perfumarte|Adrián_Pons].csv
2025-11-07 19:02:43,313 [INFO] Scrapeando perfumes de Hombre...
2025-11-07 19:02:46,159 [INFO] Iniciando Selenium para categoría Mujer...
2025-11-07 19:03:05,565 [INFO] No hay más productos que cargar (Selenium).
2025-11-07 19:03:05,764 [INFO] CSV creado: Resultados/2025-11-07-[perfumarte|Adrián_Pons].csv
2025-11-07 19:03:05,767 [INFO] Adjuntado: 2025-11-07-[perfumarte|Adrián_Pons].csv
2025-11-07 19:03:05,767 [INFO] Adjuntado: scrapper.log
2025-11-07 19:03:07,240 [INFO] Correo enviado correctamente.
2025-11-07 19:09:02,229 [INFO] Scraping por paginación numérica de Mujer: https://www.perfumarte.com/tienda/perfumes/perfume-de-mujer/
2025-11-07 19:09:02,229 [INFO] Pidiendo página 1: https://www.perfumarte.com/tienda/perfumes/perfume-de-mujer/?page=1
2025-11-07 19:09:05,194 [INFO] Pidiendo página 2: https://www.perfumarte.com/tienda/perfumes/perfume-de-mujer/?page=2
2025-11-07 19:09:07,723 [INFO] Pidiendo página 3: https://www.perfumarte.com/tienda/perfumes/perfume-de-mujer/?page=3
2025-11-07 19:09:10,735 [INFO] Pidiendo página 4: https://www.perfumarte.com/tienda/perfumes/perfume-de-mujer/?page=4
2025-11-07 19:09:13,236 [INFO] Scrapeando perfumes de Hombre...
2025-11-07 19:09:13,515 [INFO] Pidiendo página 5: https://www.perfumarte.com/tienda/perfumes/perfume-de-mujer/?page=5
2025-11-07 19:09:14,820 [INFO] Iniciando Selenium para categoría Mujer...
2025-11-07 19:09:16,387 [INFO] Pidiendo página 6: https://www.perfumarte.com/tienda/perfumes/perfume-de-mujer/?page=6
2025-11-07 19:09:19,031 [INFO] Pidiendo página 7: https://www.perfumarte.com/tienda/perfumes/perfume-de-mujer/?page=7
2025-11-07 19:09:23,045 [INFO] Pidiendo página 8: https://www.perfumarte.com/tienda/perfumes/perfume-de-mujer/?page=8
2025-11-07 19:09:26,200 [INFO] Pidiendo página 9: https://www.perfumarte.com/tienda/perfumes/perfume-de-mujer/?page=9
2025-11-07 19:09:28,834 [INFO] Pidiendo página 10: https://www.perfumarte.com/tienda/perfumes/perfume-de-mujer/?page=10
2025-11-07 19:09:30,688 [INFO] No se encontraron productos en la página 10. Fin de paginación.
2025-11-07 19:09:30,688 [INFO] Paginación numérica completada. Total productos: 98
2025-11-07 19:09:32,286 [INFO] No hay más productos que cargar (Selenium).
2025-11-07 19:09:32,518 [INFO] CSV creado: Resultados/2025-11-07-[perfumarte|Adrián_Pons].csv
2025-11-07 19:09:32,520 [INFO] Adjuntado: 2025-11-07-[perfumarte|Adrián_Pons].csv
2025-11-07 19:09:32,520 [INFO] Adjuntado: scrapper.log
2025-11-07 19:09:34,168 [INFO] Correo enviado correctamente.
2025-11-07 19:14:48,399 [INFO] Scrapeando perfumes de Hombre...
2025-11-07 19:14:50,628 [CRITICAL] Error crítico: scrapear_por_paginacion_numerica() got an unexpected keyword argument 'max_pages'
2025-11-07 19:14:50,631 [INFO] Adjuntado: scrapper.log
2025-11-07 19:14:52,083 [INFO] Correo enviado correctamente.
2025-11-07 19:15:34,998 [INFO] Scrapeando perfumes de Hombre...
2025-11-07 19:15:36,339 [INFO] Scraping por paginación numérica de Mujer: https://www.perfumarte.com/tienda/perfumes/perfume-de-mujer/
2025-11-07 19:15:36,339 [INFO] Pidiendo página 1: https://www.perfumarte.com/tienda/perfumes/perfume-de-mujer/?page=1
2025-11-07 19:15:39,361 [INFO] Pidiendo página 2: https://www.perfumarte.com/tienda/perfumes/perfume-de-mujer/?page=2
2025-11-07 19:15:41,977 [INFO] Pidiendo página 3: https://www.perfumarte.com/tienda/perfumes/perfume-de-mujer/?page=3
2025-11-07 19:15:44,203 [INFO] Pidiendo página 4: https://www.perfumarte.com/tienda/perfumes/perfume-de-mujer/?page=4
2025-11-07 19:15:46,788 [INFO] Pidiendo página 5: https://www.perfumarte.com/tienda/perfumes/perfume-de-mujer/?page=5
2025-11-07 19:15:49,585 [INFO] Pidiendo página 6: https://www.perfumarte.com/tienda/perfumes/perfume-de-mujer/?page=6
2025-11-07 19:15:52,232 [INFO] Pidiendo página 7: https://www.perfumarte.com/tienda/perfumes/perfume-de-mujer/?page=7
2025-11-07 19:15:54,703 [INFO] Pidiendo página 8: https://www.perfumarte.com/tienda/perfumes/perfume-de-mujer/?page=8
2025-11-07 19:15:56,833 [INFO] Pidiendo página 9: https://www.perfumarte.com/tienda/perfumes/perfume-de-mujer/?page=9
2025-11-07 19:15:58,810 [INFO] Paginación numérica completada. Total productos: 98
2025-11-07 19:15:58,816 [INFO] CSV creado: Resultados/2025-11-07-[perfumarte|Adrián_Pons].csv
2025-11-07 19:15:58,818 [INFO] Adjuntado: 2025-11-07-[perfumarte|Adrián_Pons].csv
2025-11-07 19:15:58,819 [INFO] Adjuntado: scrapper.log
2025-11-07 19:16:00,790 [INFO] Correo enviado correctamente.
2025-11-07 19:18:38,451 [INFO] Scraping por paginación numérica de Hombre: https://www.perfumarte.com/tienda/perfumes/perfume-de-hombre/amaderados/
2025-11-07 19:18:38,451 [INFO] Pidiendo página 1: https://www.perfumarte.com/tienda/perfumes/perfume-de-hombre/amaderados/?page=1
2025-11-07 19:18:40,865 [INFO] Pidiendo página 2: https://www.perfumarte.com/tienda/perfumes/perfume-de-hombre/amaderados/?page=2
2025-11-07 19:18:42,290 [INFO] No se encontraron productos en la página 2. Fin de paginación.
2025-11-07 19:18:42,290 [INFO] Paginación numérica completada. Total productos: 11
2025-11-07 19:21:33,570 [INFO] Scrapeando perfumes de Hombre (paginación)...
2025-11-07 19:21:33,571 [INFO] Scraping por paginación numérica de Hombre: https://www.perfumarte.com/tienda/perfumes/perfume-de-hombre/amaderados/
2025-11-07 19:21:33,588 [INFO] Pidiendo página 1: https://www.perfumarte.com/tienda/perfumes/perfume-de-hombre/amaderados/?page=1
2025-11-07 19:21:36,227 [INFO] Pidiendo página 2: https://www.perfumarte.com/tienda/perfumes/perfume-de-hombre/amaderados/?page=2
2025-11-07 19:21:38,189 [INFO] No se encontraron productos en la página 2. Fin de paginación.
2025-11-07 19:21:38,189 [INFO] Paginación numérica completada. Total productos: 11
2025-11-07 19:21:38,190 [INFO] Scraping por paginación numérica de Mujer: https://www.perfumarte.com/tienda/perfumes/perfume-de-mujer/
2025-11-07 19:21:38,190 [INFO] Pidiendo página 1: https://www.perfumarte.com/tienda/perfumes/perfume-de-mujer/?page=1
2025-11-07 19:21:40,679 [INFO] Pidiendo página 2: https://www.perfumarte.com/tienda/perfumes/perfume-de-mujer/?page=2
2025-11-07 19:21:43,398 [INFO] Pidiendo página 3: https://www.perfumarte.com/tienda/perfumes/perfume-de-mujer/?page=3
2025-11-07 19:21:45,577 [INFO] Pidiendo página 4: https://www.perfumarte.com/tienda/perfumes/perfume-de-mujer/?page=4
2025-11-07 19:21:47,746 [INFO] Pidiendo página 5: https://www.perfumarte.com/tienda/perfumes/perfume-de-mujer/?page=5
2025-11-07 19:21:50,308 [INFO] Pidiendo página 6: https://www.perfumarte.com/tienda/perfumes/perfume-de-mujer/?page=6
2025-11-07 19:21:52,708 [INFO] Pidiendo página 7: https://www.perfumarte.com/tienda/perfumes/perfume-de-mujer/?page=7
2025-11-07 19:21:55,127 [INFO] Pidiendo página 8: https://www.perfumarte.com/tienda/perfumes/perfume-de-mujer/?page=8
2025-11-07 19:21:57,349 [INFO] Pidiendo página 9: https://www.perfumarte.com/tienda/perfumes/perfume-de-mujer/?page=9
2025-11-07 19:21:59,510 [INFO] Paginación numérica completada. Total productos: 98
2025-11-07 19:21:59,513 [INFO] CSV creado: Resultados/2025-11-07-[perfumarte|Adrián_Pons].csv
2025-11-07 19:21:59,518 [INFO] Adjuntado: 2025-11-07-[perfumarte|Adrián_Pons].csv
2025-11-07 19:21:59,518 [INFO] Adjuntado: scrapper.log
2025-11-07 19:22:01,066 [INFO] Correo enviado correctamente.
2025-11-07 19:24:44,251 [INFO] Scrapeando perfumes de Hombre (paginación)...
2025-11-07 19:24:44,251 [INFO] Scraping por paginación numérica de Hombre: https://www.perfumarte.com/tienda/perfumes/perfume-de-hombre/
2025-11-07 19:24:44,251 [INFO] Pidiendo página 1: https://www.perfumarte.com/tienda/perfumes/perfume-de-hombre/?page=1
2025-11-07 19:24:46,923 [INFO] Pidiendo página 2: https://www.perfumarte.com/tienda/perfumes/perfume-de-hombre/?page=2
2025-11-07 19:24:49,193 [INFO] Pidiendo página 3: https://www.perfumarte.com/tienda/perfumes/perfume-de-hombre/?page=3
2025-11-07 19:24:51,295 [INFO] Pidiendo página 4: https://www.perfumarte.com/tienda/perfumes/perfume-de-hombre/?page=4
2025-11-07 19:24:53,581 [INFO] Pidiendo página 5: https://www.perfumarte.com/tienda/perfumes/perfume-de-hombre/?page=5
2025-11-07 19:24:56,207 [INFO] Pidiendo página 6: https://www.perfumarte.com/tienda/perfumes/perfume-de-hombre/?page=6
2025-11-07 19:24:58,088 [INFO] Pidiendo página 7: https://www.perfumarte.com/tienda/perfumes/perfume-de-hombre/?page=7
2025-11-07 19:24:59,245 [INFO] No se encontraron productos en la página 7. Fin de paginación.
2025-11-07 19:24:59,245 [INFO] Paginación numérica completada. Total productos: 61
2025-11-07 19:24:59,246 [INFO] Scraping por paginación numérica de Mujer: https://www.perfumarte.com/tienda/perfumes/perfume-de-mujer/
2025-11-07 19:24:59,246 [INFO] Pidiendo página 1: https://www.perfumarte.com/tienda/perfumes/perfume-de-mujer/?page=1
2025-11-07 19:25:01,541 [INFO] Pidiendo página 2: https://www.perfumarte.com/tienda/perfumes/perfume-de-mujer/?page=2
2025-11-07 19:25:04,162 [INFO] Pidiendo página 3: https://www.perfumarte.com/tienda/perfumes/perfume-de-mujer/?page=3
2025-11-07 19:25:06,493 [INFO] Pidiendo página 4: https://www.perfumarte.com/tienda/perfumes/perfume-de-mujer/?page=4
2025-11-07 19:25:08,684 [INFO] Pidiendo página 5: https://www.perfumarte.com/tienda/perfumes/perfume-de-mujer/?page=5
2025-11-07 19:25:10,891 [INFO] Pidiendo página 6: https://www.perfumarte.com/tienda/perfumes/perfume-de-mujer/?page=6
2025-11-07 19:25:13,363 [INFO] Pidiendo página 7: https://www.perfumarte.com/tienda/perfumes/perfume-de-mujer/?page=7
2025-11-07 19:25:15,410 [INFO] Pidiendo página 8: https://www.perfumarte.com/tienda/perfumes/perfume-de-mujer/?page=8
2025-11-07 19:25:17,585 [INFO] Pidiendo página 9: https://www.perfumarte.com/tienda/perfumes/perfume-de-mujer/?page=9
2025-11-07 19:25:19,668 [INFO] Paginación numérica completada. Total productos: 98
2025-11-07 19:25:19,676 [INFO] CSV creado: Resultados/2025-11-07-[perfumarte|Adrián_Pons].csv
2025-11-07 19:25:19,696 [INFO] Adjuntado: 2025-11-07-[perfumarte|Adrián_Pons].csv
2025-11-07 19:25:19,698 [INFO] Adjuntado: scrapper.log
2025-11-07 19:25:21,531 [INFO] Correo enviado correctamente.
2025-11-07 19:27:47,964 [INFO] Scraping por paginación numérica de Body Mist: https://www.perfumarte.com/tienda/perfumes/body-mist/
2025-11-07 19:27:47,964 [INFO] Pidiendo página 1: https://www.perfumarte.com/tienda/perfumes/body-mist/?page=1
2025-11-07 19:27:49,833 [INFO] Scrapeando perfumes de Hombre (paginación)...
2025-11-07 19:27:49,833 [INFO] Scraping por paginación numérica de Hombre: https://www.perfumarte.com/tienda/perfumes/perfume-de-hombre/
2025-11-07 19:27:49,833 [INFO] Pidiendo página 1: https://www.perfumarte.com/tienda/perfumes/perfume-de-hombre/?page=1
2025-11-07 19:27:49,859 [INFO] Pidiendo página 2: https://www.perfumarte.com/tienda/perfumes/body-mist/?page=2
2025-11-07 19:27:51,309 [INFO] No se encontraron productos en la página 2. Fin de paginación.
2025-11-07 19:27:51,309 [INFO] Paginación numérica completada. Total productos: 3
2025-11-07 19:27:52,137 [INFO] Pidiendo página 2: https://www.perfumarte.com/tienda/perfumes/perfume-de-hombre/?page=2
2025-11-07 19:27:54,495 [INFO] Pidiendo página 3: https://www.perfumarte.com/tienda/perfumes/perfume-de-hombre/?page=3
2025-11-07 19:27:56,792 [INFO] Pidiendo página 4: https://www.perfumarte.com/tienda/perfumes/perfume-de-hombre/?page=4
2025-11-07 19:27:59,010 [INFO] Pidiendo página 5: https://www.perfumarte.com/tienda/perfumes/perfume-de-hombre/?page=5
2025-11-07 19:28:01,155 [INFO] Pidiendo página 6: https://www.perfumarte.com/tienda/perfumes/perfume-de-hombre/?page=6
2025-11-07 19:28:03,065 [INFO] Pidiendo página 7: https://www.perfumarte.com/tienda/perfumes/perfume-de-hombre/?page=7
2025-11-07 19:28:04,423 [INFO] No se encontraron productos en la página 7. Fin de paginación.
2025-11-07 19:28:04,423 [INFO] Paginación numérica completada. Total productos: 61
2025-11-07 19:28:04,441 [INFO] Scraping por paginación numérica de Mujer: https://www.perfumarte.com/tienda/perfumes/perfume-de-mujer/
2025-11-07 19:28:04,442 [INFO] Pidiendo página 1: https://www.perfumarte.com/tienda/perfumes/perfume-de-mujer/?page=1
2025-11-07 19:28:06,651 [INFO] Pidiendo página 2: https://www.perfumarte.com/tienda/perfumes/perfume-de-mujer/?page=2
2025-11-07 19:28:08,907 [INFO] Pidiendo página 3: https://www.perfumarte.com/tienda/perfumes/perfume-de-mujer/?page=3
2025-11-07 19:28:11,070 [INFO] Pidiendo página 4: https://www.perfumarte.com/tienda/perfumes/perfume-de-mujer/?page=4
2025-11-07 19:28:13,528 [INFO] Pidiendo página 5: https://www.perfumarte.com/tienda/perfumes/perfume-de-mujer/?page=5
2025-11-07 19:28:16,245 [INFO] Pidiendo página 6: https://www.perfumarte.com/tienda/perfumes/perfume-de-mujer/?page=6
2025-11-07 19:28:18,504 [INFO] Pidiendo página 7: https://www.perfumarte.com/tienda/perfumes/perfume-de-mujer/?page=7
2025-11-07 19:28:21,184 [INFO] Pidiendo página 8: https://www.perfumarte.com/tienda/perfumes/perfume-de-mujer/?page=8
2025-11-07 19:28:23,520 [INFO] Pidiendo página 9: https://www.perfumarte.com/tienda/perfumes/perfume-de-mujer/?page=9
2025-11-07 19:28:25,406 [INFO] Paginación numérica completada. Total productos: 98
2025-11-07 19:28:25,408 [INFO] Scrapeando Body Mist (paginación)...
2025-11-07 19:28:25,408 [INFO] Scraping por paginación numérica de Body Mist: https://www.perfumarte.com/tienda/perfumes/body-mist/
2025-11-07 19:28:25,408 [INFO] Pidiendo página 1: https://www.perfumarte.com/tienda/perfumes/body-mist/?page=1
2025-11-07 19:28:27,397 [INFO] Pidiendo página 2: https://www.perfumarte.com/tienda/perfumes/body-mist/?page=2
2025-11-07 19:28:28,619 [INFO] No se encontraron productos en la página 2. Fin de paginación.
2025-11-07 19:28:28,619 [INFO] Paginación numérica completada. Total productos: 3
2025-11-07 19:28:28,620 [INFO] CSV creado: Resultados/2025-11-07-[perfumarte|Adrián_Pons].csv
2025-11-07 19:28:28,623 [INFO] Adjuntado: 2025-11-07-[perfumarte|Adrián_Pons].csv
2025-11-07 19:28:28,623 [INFO] Adjuntado: scrapper.log
2025-11-07 19:28:30,598 [INFO] Correo enviado correctamente.
2025-11-07 19:46:16,786 [INFO] Scrapeando perfumes de Hombre (paginación)...
2025-11-07 19:46:16,787 [INFO] Scraping por paginación numérica de Hombre: https://www.perfumarte.com/tienda/perfumes/perfume-de-hombre/
2025-11-07 19:46:16,787 [INFO] Pidiendo página 1: https://www.perfumarte.com/tienda/perfumes/perfume-de-hombre/?page=1
2025-11-07 19:46:19,665 [INFO] Pidiendo página 2: https://www.perfumarte.com/tienda/perfumes/perfume-de-hombre/?page=2
2025-11-07 19:46:22,029 [INFO] Pidiendo página 3: https://www.perfumarte.com/tienda/perfumes/perfume-de-hombre/?page=3
2025-11-07 19:46:25,069 [INFO] Pidiendo página 4: https://www.perfumarte.com/tienda/perfumes/perfume-de-hombre/?page=4
2025-11-07 19:46:27,297 [INFO] Pidiendo página 5: https://www.perfumarte.com/tienda/perfumes/perfume-de-hombre/?page=5
2025-11-07 19:46:29,583 [INFO] Pidiendo página 6: https://www.perfumarte.com/tienda/perfumes/perfume-de-hombre/?page=6
2025-11-07 19:46:32,439 [INFO] Pidiendo página 7: https://www.perfumarte.com/tienda/perfumes/perfume-de-hombre/?page=7
2025-11-07 19:46:33,672 [INFO] No se encontraron productos en la página 7. Fin de paginación.
2025-11-07 19:46:33,672 [INFO] Paginación numérica completada. Total productos: 61
2025-11-07 19:46:33,672 [INFO] Scraping por paginación numérica de Mujer: https://www.perfumarte.com/tienda/perfumes/perfume-de-mujer/
2025-11-07 19:46:33,672 [INFO] Pidiendo página 1: https://www.perfumarte.com/tienda/perfumes/perfume-de-mujer/?page=1
2025-11-07 19:46:36,247 [INFO] Pidiendo página 2: https://www.perfumarte.com/tienda/perfumes/perfume-de-mujer/?page=2
2025-11-07 19:46:38,658 [INFO] Pidiendo página 3: https://www.perfumarte.com/tienda/perfumes/perfume-de-mujer/?page=3
2025-11-07 19:46:41,221 [INFO] Pidiendo página 4: https://www.perfumarte.com/tienda/perfumes/perfume-de-mujer/?page=4
2025-11-07 19:46:43,264 [INFO] Pidiendo página 5: https://www.perfumarte.com/tienda/perfumes/perfume-de-mujer/?page=5
2025-11-07 19:46:45,316 [INFO] Pidiendo página 6: https://www.perfumarte.com/tienda/perfumes/perfume-de-mujer/?page=6
2025-11-07 19:46:47,516 [INFO] Pidiendo página 7: https://www.perfumarte.com/tienda/perfumes/perfume-de-mujer/?page=7
2025-11-07 19:46:49,796 [INFO] Pidiendo página 8: https://www.perfumarte.com/tienda/perfumes/perfume-de-mujer/?page=8
2025-11-07 19:46:52,471 [INFO] Pidiendo página 9: https://www.perfumarte.com/tienda/perfumes/perfume-de-mujer/?page=9
2025-11-07 19:46:54,532 [INFO] Paginación numérica completada. Total productos: 98
2025-11-07 19:46:54,536 [INFO] Scrapeando Body Mist (paginación)...
2025-11-07 19:46:54,536 [INFO] Scraping por paginación numérica de Body Mist: https://www.perfumarte.com/tienda/perfumes/body-mist/
2025-11-07 19:46:54,537 [INFO] Pidiendo página 1: https://www.perfumarte.com/tienda/perfumes/body-mist/?page=1
2025-11-07 19:46:56,491 [INFO] Pidiendo página 2: https://www.perfumarte.com/tienda/perfumes/body-mist/?page=2
2025-11-07 19:46:57,574 [INFO] No se encontraron productos en la página 2. Fin de paginación.
2025-11-07 19:46:57,574 [INFO] Paginación numérica completada. Total productos: 3
2025-11-07 19:46:57,576 [INFO] CSV creado: Resultados/2025-11-07-[perfumarte|Adrián_Pons].csv
2025-11-07 19:46:57,577 [INFO] Adjuntado: Resultados/2025-11-07-[perfumarte|Adrián_Pons].csv
2025-11-07 19:46:57,577 [INFO] Adjuntado: Logs/scrapper.log
2025-11-07 19:46:59,666 [INFO] Correo enviado correctamente.
2025-11-25 10:21:08,317 [INFO] Scrapeando perfumes de Hombre (paginación)...
2025-11-25 10:21:08,318 [INFO] Scraping por paginación numérica de Hombre: https://www.perfumarte.com/tienda/perfumes/perfume-de-hombre/
2025-11-25 10:21:08,320 [INFO] Pidiendo página 1: https://www.perfumarte.com/tienda/perfumes/perfume-de-hombre/?page=1
2025-11-25 10:21:08,823 [ERROR] Error al pedir https://www.perfumarte.com/tienda/perfumes/perfume-de-hombre/?page=1: HTTPSConnectionPool(host='www.perfumarte.com', port=443): Max retries exceeded with url: /tienda/perfumes/perfume-de-hombre/?page=1 (Caused by SSLError(SSLCertVerificationError(1, '[SSL: CERTIFICATE_VERIFY_FAILED] certificate verify failed: self-signed certificate in certificate chain (_ssl.c:1032)')))
2025-11-25 10:21:08,824 [INFO] Paginación numérica completada. Total productos: 0
2025-11-25 10:21:08,824 [INFO] Scraping por paginación numérica de Mujer: https://www.perfumarte.com/tienda/perfumes/perfume-de-mujer/
2025-11-25 10:21:08,824 [INFO] Pidiendo página 1: https://www.perfumarte.com/tienda/perfumes/perfume-de-mujer/?page=1
2025-11-25 10:21:09,162 [ERROR] Error al pedir https://www.perfumarte.com/tienda/perfumes/perfume-de-mujer/?page=1: HTTPSConnectionPool(host='www.perfumarte.com', port=443): Max retries exceeded with url: /tienda/perfumes/perfume-de-mujer/?page=1 (Caused by SSLError(SSLCertVerificationError(1, '[SSL: CERTIFICATE_VERIFY_FAILED] certificate verify failed: self-signed certificate in certificate chain (_ssl.c:1032)')))
2025-11-25 10:21:09,163 [INFO] Paginación numérica completada. Total productos: 0
2025-11-25 10:21:09,163 [INFO] Scrapeando Body Mist (paginación)...
2025-11-25 10:21:09,164 [INFO] Scraping por paginación numérica de Body Mist: https://www.perfumarte.com/tienda/perfumes/body-mist/
2025-11-25 10:21:09,165 [INFO] Pidiendo página 1: https://www.perfumarte.com/tienda/perfumes/body-mist/?page=1
2025-11-25 10:21:09,554 [ERROR] Error al pedir https://www.perfumarte.com/tienda/perfumes/body-mist/?page=1: HTTPSConnectionPool(host='www.perfumarte.com', port=443): Max retries exceeded with url: /tienda/perfumes/body-mist/?page=1 (Caused by SSLError(SSLCertVerificationError(1, '[SSL: CERTIFICATE_VERIFY_FAILED] certificate verify failed: self-signed certificate in certificate chain (_ssl.c:1032)')))
2025-11-25 10:21:09,555 [INFO] Paginación numérica completada. Total productos: 0
2025-11-25 10:21:09,579 [INFO] Adjuntado: Logs/scrapper.log
2025-11-25 10:21:12,243 [INFO] Correo enviado correctamente.
2025-11-25 10:21:57,255 [INFO] Scrapeando perfumes de Hombre (paginación)...
2025-11-25 10:21:57,255 [INFO] Scraping por paginación numérica de Hombre: https://www.perfumarte.com/tienda/perfumes/perfume-de-hombre/
2025-11-25 10:21:57,256 [INFO] Pidiendo página 1: https://www.perfumarte.com/tienda/perfumes/perfume-de-hombre/?page=1
2025-11-25 10:21:59,908 [INFO] Pidiendo página 2: https://www.perfumarte.com/tienda/perfumes/perfume-de-hombre/?page=2
2025-11-25 10:22:02,614 [INFO] Pidiendo página 3: https://www.perfumarte.com/tienda/perfumes/perfume-de-hombre/?page=3
2025-11-25 10:22:05,111 [INFO] Pidiendo página 4: https://www.perfumarte.com/tienda/perfumes/perfume-de-hombre/?page=4
2025-11-25 10:22:07,239 [INFO] Pidiendo página 5: https://www.perfumarte.com/tienda/perfumes/perfume-de-hombre/?page=5
2025-11-25 10:22:09,757 [INFO] Pidiendo página 6: https://www.perfumarte.com/tienda/perfumes/perfume-de-hombre/?page=6
2025-11-25 10:22:11,864 [INFO] Pidiendo página 7: https://www.perfumarte.com/tienda/perfumes/perfume-de-hombre/?page=7
2025-11-25 10:22:12,907 [INFO] No se encontraron productos en la página 7. Fin de paginación.
2025-11-25 10:22:12,907 [INFO] Paginación numérica completada. Total productos: 62
2025-11-25 10:22:12,908 [INFO] Scraping por paginación numérica de Mujer: https://www.perfumarte.com/tienda/perfumes/perfume-de-mujer/
2025-11-25 10:22:12,908 [INFO] Pidiendo página 1: https://www.perfumarte.com/tienda/perfumes/perfume-de-mujer/?page=1
2025-11-25 10:22:15,357 [INFO] Pidiendo página 2: https://www.perfumarte.com/tienda/perfumes/perfume-de-mujer/?page=2
2025-11-25 10:22:17,782 [INFO] Pidiendo página 3: https://www.perfumarte.com/tienda/perfumes/perfume-de-mujer/?page=3
2025-11-25 10:22:20,636 [INFO] Pidiendo página 4: https://www.perfumarte.com/tienda/perfumes/perfume-de-mujer/?page=4
2025-11-25 10:22:23,334 [INFO] Pidiendo página 5: https://www.perfumarte.com/tienda/perfumes/perfume-de-mujer/?page=5
2025-11-25 10:22:25,885 [INFO] Pidiendo página 6: https://www.perfumarte.com/tienda/perfumes/perfume-de-mujer/?page=6
2025-11-25 10:22:28,189 [INFO] Pidiendo página 7: https://www.perfumarte.com/tienda/perfumes/perfume-de-mujer/?page=7
2025-11-25 10:22:30,656 [INFO] Pidiendo página 8: https://www.perfumarte.com/tienda/perfumes/perfume-de-mujer/?page=8
2025-11-25 10:22:32,937 [INFO] Pidiendo página 9: https://www.perfumarte.com/tienda/perfumes/perfume-de-mujer/?page=9
2025-11-25 10:22:35,207 [INFO] Paginación numérica completada. Total productos: 100
2025-11-25 10:22:35,209 [INFO] Scrapeando Body Mist (paginación)...
2025-11-25 10:22:35,210 [INFO] Scraping por paginación numérica de Body Mist: https://www.perfumarte.com/tienda/perfumes/body-mist/
2025-11-25 10:22:35,210 [INFO] Pidiendo página 1: https://www.perfumarte.com/tienda/perfumes/body-mist/?page=1
2025-11-25 10:22:37,343 [INFO] Pidiendo página 2: https://www.perfumarte.com/tienda/perfumes/body-mist/?page=2
2025-11-25 10:22:38,581 [INFO] No se encontraron productos en la página 2. Fin de paginación.
2025-11-25 10:22:38,581 [INFO] Paginación numérica completada. Total productos: 3
2025-11-25 10:22:38,588 [ERROR] Error al guardar CSV: [Errno 22] Invalid argument: 'Resultados\\2025-11-25-[perfumarte|Adrián_Pons].csv'
2025-11-25 10:22:38,594 [INFO] Adjuntado: Logs/scrapper.log
2025-11-25 10:22:41,001 [INFO] Correo enviado correctamente.
2025-11-26 07:57:34,221 [INFO] Scrapeando perfumes de Hombre (paginación)...
2025-11-26 07:57:34,223 [INFO] Scraping por paginación numérica de Hombre: https://www.perfumarte.com/tienda/perfumes/perfume-de-hombre/
2025-11-26 07:57:34,223 [INFO] Pidiendo página 1: https://www.perfumarte.com/tienda/perfumes/perfume-de-hombre/?page=1
2025-11-26 07:57:36,550 [INFO] Pidiendo página 2: https://www.perfumarte.com/tienda/perfumes/perfume-de-hombre/?page=2
2025-11-26 07:57:38,903 [INFO] Pidiendo página 3: https://www.perfumarte.com/tienda/perfumes/perfume-de-hombre/?page=3
2025-11-26 07:57:41,047 [INFO] Pidiendo página 4: https://www.perfumarte.com/tienda/perfumes/perfume-de-hombre/?page=4
2025-11-26 07:57:43,696 [INFO] Pidiendo página 5: https://www.perfumarte.com/tienda/perfumes/perfume-de-hombre/?page=5
2025-11-26 07:57:45,903 [INFO] Pidiendo página 6: https://www.perfumarte.com/tienda/perfumes/perfume-de-hombre/?page=6
2025-11-26 07:57:47,944 [INFO] Pidiendo página 7: https://www.perfumarte.com/tienda/perfumes/perfume-de-hombre/?page=7
2025-11-26 07:57:49,050 [INFO] No se encontraron productos en la página 7. Fin de paginación.
2025-11-26 07:57:49,050 [INFO] Paginación numérica completada. Total productos: 62
2025-11-26 07:57:49,052 [INFO] Scraping por paginación numérica de Mujer: https://www.perfumarte.com/tienda/perfumes/perfume-de-mujer/
2025-11-26 07:57:49,052 [INFO] Pidiendo página 1: https://www.perfumarte.com/tienda/perfumes/perfume-de-mujer/?page=1
2025-11-26 07:57:51,316 [INFO] Pidiendo página 2: https://www.perfumarte.com/tienda/perfumes/perfume-de-mujer/?page=2
2025-11-26 07:57:53,715 [INFO] Pidiendo página 3: https://www.perfumarte.com/tienda/perfumes/perfume-de-mujer/?page=3
2025-11-26 07:57:56,039 [INFO] Pidiendo página 4: https://www.perfumarte.com/tienda/perfumes/perfume-de-mujer/?page=4
2025-11-26 07:57:58,328 [INFO] Pidiendo página 5: https://www.perfumarte.com/tienda/perfumes/perfume-de-mujer/?page=5
2025-11-26 07:58:00,557 [INFO] Pidiendo página 6: https://www.perfumarte.com/tienda/perfumes/perfume-de-mujer/?page=6
2025-11-26 07:58:02,951 [INFO] Pidiendo página 7: https://www.perfumarte.com/tienda/perfumes/perfume-de-mujer/?page=7
2025-11-26 07:58:05,143 [INFO] Pidiendo página 8: https://www.perfumarte.com/tienda/perfumes/perfume-de-mujer/?page=8
2025-11-26 07:58:07,373 [INFO] Pidiendo página 9: https://www.perfumarte.com/tienda/perfumes/perfume-de-mujer/?page=9
2025-11-26 07:58:09,596 [INFO] Paginación numérica completada. Total productos: 100
2025-11-26 07:58:09,597 [INFO] Scrapeando Body Mist (paginación)...
2025-11-26 07:58:09,598 [INFO] Scraping por paginación numérica de Body Mist: https://www.perfumarte.com/tienda/perfumes/body-mist/
2025-11-26 07:58:09,598 [INFO] Pidiendo página 1: https://www.perfumarte.com/tienda/perfumes/body-mist/?page=1
2025-11-26 07:58:11,582 [INFO] Pidiendo página 2: https://www.perfumarte.com/tienda/perfumes/body-mist/?page=2
2025-11-26 07:58:12,896 [INFO] No se encontraron productos en la página 2. Fin de paginación.
2025-11-26 07:58:12,896 [INFO] Paginación numérica completada. Total productos: 3
2025-11-26 07:58:12,906 [ERROR] Error al guardar CSV: [Errno 22] Invalid argument: 'Resultados\\2025-11-26-[perfumarte|Adrián_Pons].csv'
2025-11-26 07:58:12,913 [INFO] Adjuntado: Logs/scrapper.log
2025-11-26 07:58:14,858 [INFO] Correo enviado correctamente.
2025-11-26 08:46:44,587 [INFO] Scrapeando perfumes de Hombre (paginación)...
2025-11-26 08:46:44,589 [INFO] Scraping por paginación numérica de Hombre: https://www.perfumarte.com/tienda/perfumes/perfume-de-hombre/
2025-11-26 08:46:44,589 [INFO] Pidiendo página 1: https://www.perfumarte.com/tienda/perfumes/perfume-de-hombre/?page=1
2025-11-26 08:46:47,195 [INFO] Pidiendo página 2: https://www.perfumarte.com/tienda/perfumes/perfume-de-hombre/?page=2
2025-11-26 08:46:49,886 [INFO] Pidiendo página 3: https://www.perfumarte.com/tienda/perfumes/perfume-de-hombre/?page=3
2025-11-26 08:46:52,384 [INFO] Pidiendo página 4: https://www.perfumarte.com/tienda/perfumes/perfume-de-hombre/?page=4
2025-11-26 08:47:01,790 [INFO] Scrapeando perfumes de Hombre (paginación)...
2025-11-26 08:47:01,790 [INFO] Scraping por paginación numérica de Hombre: https://www.perfumarte.com/tienda/perfumes/perfume-de-hombre/
2025-11-26 08:47:01,791 [INFO] Pidiendo página 1: https://www.perfumarte.com/tienda/perfumes/perfume-de-hombre/?page=1
2025-11-26 08:47:04,716 [INFO] Pidiendo página 2: https://www.perfumarte.com/tienda/perfumes/perfume-de-hombre/?page=2
2025-11-26 08:47:07,480 [INFO] Pidiendo página 3: https://www.perfumarte.com/tienda/perfumes/perfume-de-hombre/?page=3
2025-11-26 08:47:09,688 [INFO] Pidiendo página 4: https://www.perfumarte.com/tienda/perfumes/perfume-de-hombre/?page=4
2025-11-26 08:47:11,967 [INFO] Pidiendo página 5: https://www.perfumarte.com/tienda/perfumes/perfume-de-hombre/?page=5
2025-11-26 08:47:14,295 [INFO] Pidiendo página 6: https://www.perfumarte.com/tienda/perfumes/perfume-de-hombre/?page=6
2025-11-26 08:47:16,544 [INFO] Pidiendo página 7: https://www.perfumarte.com/tienda/perfumes/perfume-de-hombre/?page=7
2025-11-26 08:47:17,744 [INFO] No se encontraron productos en la página 7. Fin de paginación.
2025-11-26 08:47:17,744 [INFO] Paginación numérica completada. Total productos: 62
2025-11-26 08:47:17,747 [INFO] Scraping por paginación numérica de Mujer: https://www.perfumarte.com/tienda/perfumes/perfume-de-mujer/
2025-11-26 08:47:17,748 [INFO] Pidiendo página 1: https://www.perfumarte.com/tienda/perfumes/perfume-de-mujer/?page=1
2025-11-26 08:47:19,833 [INFO] Pidiendo página 2: https://www.perfumarte.com/tienda/perfumes/perfume-de-mujer/?page=2
2025-11-26 08:47:22,058 [INFO] Pidiendo página 3: https://www.perfumarte.com/tienda/perfumes/perfume-de-mujer/?page=3
2025-11-26 08:47:24,434 [INFO] Pidiendo página 4: https://www.perfumarte.com/tienda/perfumes/perfume-de-mujer/?page=4
2025-11-26 08:47:26,690 [INFO] Pidiendo página 5: https://www.perfumarte.com/tienda/perfumes/perfume-de-mujer/?page=5
2025-11-26 08:47:29,143 [INFO] Pidiendo página 6: https://www.perfumarte.com/tienda/perfumes/perfume-de-mujer/?page=6
2025-11-26 08:47:31,403 [INFO] Pidiendo página 7: https://www.perfumarte.com/tienda/perfumes/perfume-de-mujer/?page=7
2025-11-26 08:47:33,560 [INFO] Pidiendo página 8: https://www.perfumarte.com/tienda/perfumes/perfume-de-mujer/?page=8
2025-11-26 08:47:35,777 [INFO] Pidiendo página 9: https://www.perfumarte.com/tienda/perfumes/perfume-de-mujer/?page=9
2025-11-26 08:47:37,990 [INFO] Paginación numérica completada. Total productos: 100
2025-11-26 08:47:37,993 [INFO] Scrapeando Body Mist (paginación)...
2025-11-26 08:47:37,994 [INFO] Scraping por paginación numérica de Body Mist: https://www.perfumarte.com/tienda/perfumes/body-mist/
2025-11-26 08:47:37,994 [INFO] Pidiendo página 1: https://www.perfumarte.com/tienda/perfumes/body-mist/?page=1
2025-11-26 08:47:40,110 [INFO] Pidiendo página 2: https://www.perfumarte.com/tienda/perfumes/body-mist/?page=2
2025-11-26 08:47:41,305 [INFO] No se encontraron productos en la página 2. Fin de paginación.
2025-11-26 08:47:41,305 [INFO] Paginación numérica completada. Total productos: 3
2025-11-26 08:47:41,317 [INFO] CSV creado: Resultados\2025-11-26-perfumarte-Adrian_Pons.csv
2025-11-26 08:47:41,321 [INFO] Adjuntado: Resultados\2025-11-26-perfumarte-Adrian_Pons.csv
2025-11-26 08:47:41,325 [INFO] Adjuntado: Logs/scrapper.log
2025-11-26 08:47:43,960 [INFO] Correo enviado correctamente.
